2026-02-04 12:49:03,463 [INFO] ==== Inicio de ejecución reporte_asistencia.py ====
2026-02-04 12:49:14,744 [INFO] Iniciando login en Gasca...
2026-02-04 12:49:25,890 [INFO] ==== Descarga: Reporte De Estadisticas De Asistencias ====
2026-02-04 12:49:27,008 [INFO] Seleccionando tipo de reporte 'Reporte De Estadisticas De Asistencias'...
2026-02-04 12:49:28,047 [WARNING] Reporte Asistencias falló en intento 1: 'datetime.date' object has no attribute 'to_pydatetime'
2026-02-04 12:49:33,048 [INFO] ==== Descarga: Reporte De Estadisticas De Asistencias ====
2026-02-04 12:49:33,837 [INFO] Seleccionando tipo de reporte 'Reporte De Estadisticas De Asistencias'...
2026-02-04 12:49:34,866 [WARNING] Reporte Asistencias falló en intento 2: 'datetime.date' object has no attribute 'to_pydatetime'
2026-02-04 12:49:39,867 [INFO] ==== Descarga: Reporte De Estadisticas De Asistencias ====
2026-02-04 12:49:40,634 [INFO] Seleccionando tipo de reporte 'Reporte De Estadisticas De Asistencias'...
2026-02-04 12:49:41,656 [WARNING] Reporte Asistencias falló en intento 3: 'datetime.date' object has no attribute 'to_pydatetime'
2026-02-04 12:49:41,898 [ERROR] \u274c Error general en reporte_asistencia.py: Reporte Asistencias falló después de 3 intentos. Último error: 'datetime.date' object has no attribute 'to_pydatetime'
2026-02-04 12:53:34,109 [INFO] ==== Inicio de ejecución reporte_asistencia.py ====
2026-02-04 12:53:34,743 [INFO] Iniciando login en Gasca...
2026-02-04 12:53:45,605 [INFO] ==== Descarga: Reporte De Estadisticas De Asistencias ====
2026-02-04 12:53:46,761 [INFO] Seleccionando tipo de reporte 'Reporte De Estadisticas De Asistencias'...
2026-02-04 12:54:11,621 [INFO] Excel guardado en: C:\Users\Vladimir\Documents\Reportes\track\TRACK BI\data\asistencia\asistencias_2026-02-03.xlsx
2026-02-04 12:54:11,621 [INFO] Limpiando Excel: C:\Users\Vladimir\Documents\Reportes\track\TRACK BI\data\asistencia\asistencias_2026-02-03.xlsx
2026-02-04 12:54:18,399 [INFO] Excel limpio guardado: C:\Users\Vladimir\Documents\Reportes\track\TRACK BI\data\asistencia\asistencias_2026-02-03.xlsx
2026-02-04 12:55:56,974 [INFO] ==== Inicio de ejecución reporte_asistencia.py ====
2026-02-04 12:55:57,581 [INFO] Iniciando login en Gasca...
2026-02-04 12:56:08,338 [INFO] ==== Descarga: Reporte De Estadisticas De Asistencias ====
2026-02-04 12:56:09,730 [INFO] Seleccionando tipo de reporte 'Reporte De Estadisticas De Asistencias'...
2026-02-04 12:56:34,754 [INFO] Excel guardado en: C:\Users\Vladimir\Documents\Reportes\track\TRACK BI\data\asistencia\asistencias_2026-02-03.xlsx
2026-02-04 12:56:34,754 [INFO] Limpiando Excel: C:\Users\Vladimir\Documents\Reportes\track\TRACK BI\data\asistencia\asistencias_2026-02-03.xlsx
2026-02-04 12:56:40,273 [INFO] Excel limpio guardado: C:\Users\Vladimir\Documents\Reportes\track\TRACK BI\data\asistencia\asistencias_2026-02-03.xlsx
