2026-02-13 10:57:08,747 [INFO] ==== Inicio: GASCA Ventas Nuevas Socios (Excel) ====
2026-02-13 10:57:40,639 [INFO] Iniciando login...
2026-02-13 10:57:53,354 [INFO] Seleccionando 'Ventas Nuevas Socios' en Tipo de Reporte...
2026-02-13 10:57:54,395 [INFO] Seteando Fecha Corte a: 02/12/2026
2026-02-13 10:57:59,754 [INFO] Raw guardado: C:\Users\Vladimir\Documents\Reportes\track\TRACK BI\data\rutinas\raw\gasca_ventas_nuevas_socios_2026-02-12_10-57_KpiUnoSociosNuevosDetallado20260213105758.xlsx
2026-02-13 11:25:02,333 [INFO] ==== Inicio: GASCA Ventas Nuevas Socios (Excel) ====
2026-02-13 11:25:03,037 [INFO] Iniciando login...
2026-02-13 11:25:13,874 [INFO] Seleccionando 'Ventas Nuevas Socios' en Tipo de Reporte...
2026-02-13 11:25:14,911 [INFO] Seteando Fecha Corte a: 02/12/2026
2026-02-13 11:25:20,666 [INFO] Raw guardado: C:\Users\Vladimir\Documents\Reportes\track\TRACK BI\data\rutinas\raw\gasca_ventas_nuevas_socios_2026-02-12_11-25_KpiUnoSociosNuevosDetallado20260213112519.xlsx
2026-02-13 11:27:27,533 [INFO] ==== Inicio: GASCA Ventas Nuevas Socios (Excel) ====
2026-02-13 11:27:28,245 [INFO] Iniciando login...
2026-02-13 11:27:40,942 [INFO] Seleccionando 'Ventas Nuevas Socios' en Tipo de Reporte...
2026-02-13 11:27:41,982 [INFO] Seteando Fecha Corte a: 02/12/2026
2026-02-13 11:27:46,892 [INFO] Raw guardado: C:\Users\Vladimir\Documents\Reportes\track\TRACK BI\data\rutinas\raw\gasca_ventas_nuevas_socios_2026-02-12_11-27_KpiUnoSociosNuevosDetallado20260213112746.xlsx
2026-02-13 11:39:01,040 [INFO] ==== Inicio: GASCA Ventas Nuevas Socios (Excel) ====
2026-02-13 11:39:01,742 [INFO] Iniciando login...
2026-02-13 11:39:12,391 [INFO] Seleccionando 'Ventas Nuevas Socios' en Tipo de Reporte...
2026-02-13 11:39:13,427 [INFO] Seteando Fecha Corte a: 02/12/2026
2026-02-13 11:39:17,687 [INFO] Raw guardado: C:\Users\Vladimir\Documents\Reportes\track\TRACK BI\data\rutinas\raw\gasca_ventas_nuevas_socios_2026-02-12_11-39_KpiUnoSociosNuevosDetallado20260213113917.xlsx
2026-02-13 11:42:00,901 [INFO] ==== Inicio: GASCA Ventas Nuevas Socios (Excel) ====
2026-02-13 11:42:01,633 [INFO] Iniciando login...
2026-02-13 11:42:12,857 [INFO] Seleccionando 'Ventas Nuevas Socios' en Tipo de Reporte...
2026-02-13 11:42:13,892 [INFO] Seteando Fecha Corte a: 02/12/2026
2026-02-13 11:42:18,169 [INFO] Raw guardado: C:\Users\Vladimir\Documents\Reportes\track\TRACK BI\data\rutinas\raw\gasca_ventas_nuevas_socios_2026-02-12_11-42_KpiUnoSociosNuevosDetallado20260213114217.xlsx
2026-02-13 11:43:41,505 [INFO] ==== Inicio: GASCA Ventas Nuevas Socios (Excel) ====
2026-02-13 11:43:42,202 [INFO] Iniciando login...
2026-02-13 11:43:52,934 [INFO] Seleccionando 'Ventas Nuevas Socios' en Tipo de Reporte...
2026-02-13 11:43:53,976 [INFO] Seteando Fecha Corte a: 02/12/2026
2026-02-13 11:43:58,175 [INFO] Raw guardado: C:\Users\Vladimir\Documents\Reportes\track\TRACK BI\data\rutinas\raw\gasca_ventas_nuevas_socios_2026-02-12_11-43_KpiUnoSociosNuevosDetallado20260213114357.xlsx
2026-02-13 11:47:32,590 [INFO] ==== Inicio: GASCA Ventas Nuevas Socios (Excel) ====
2026-02-13 11:47:33,316 [INFO] Iniciando login...
2026-02-13 11:47:43,951 [INFO] Seleccionando 'Ventas Nuevas Socios' en Tipo de Reporte...
2026-02-13 11:47:44,985 [INFO] Seteando Fecha Corte a: 02/12/2026
2026-02-13 11:47:49,315 [INFO] Raw guardado: C:\Users\Vladimir\Documents\Reportes\track\TRACK BI\data\rutinas\raw\gasca_ventas_nuevas_socios_2026-02-12_11-47_KpiUnoSociosNuevosDetallado20260213114748.xlsx
2026-02-13 11:55:11,345 [INFO] ==== Inicio: GASCA Ventas Nuevas Socios (Excel) ====
2026-02-13 11:55:12,051 [INFO] Iniciando login...
